// Vitest Snapshot v1

exports[`mount FormPhone component 1`] = `
"<div class=\\"flex align-middle form-item\\">
  <div class=\\"form-label\\">联系电话</div>
  <div class=\\"form-input flex-auto flex align-middle\\"><input maxlength=\\"11\\" placeholder=\\"输入有效联系电话并保持畅通\\" type=\\"tel\\"></div>
</div>"
`;
